
Discarded input sections

 .text          0x0000000000000000        0x0 build/asm/header.s.o
 .bss           0x0000000000000000        0x0 build/asm/header.s.o
 .reginfo       0x0000000000000000       0x18 build/asm/header.s.o
 .MIPS.abiflags
                0x0000000000000000       0x18 build/asm/header.s.o
 .pdr           0x0000000000000000        0x0 build/asm/header.s.o
 .gnu.attributes
                0x0000000000000000       0x10 build/asm/header.s.o
 .data          0x0000000000000000        0x0 build/asm/1000.s.o
 .bss           0x0000000000000000        0x0 build/asm/1000.s.o
 .reginfo       0x0000000000000000       0x18 build/asm/1000.s.o
 .MIPS.abiflags
                0x0000000000000000       0x18 build/asm/1000.s.o
 .pdr           0x0000000000000000        0x0 build/asm/1000.s.o
 .gnu.attributes
                0x0000000000000000       0x10 build/asm/1000.s.o
 .data          0x0000000000000000        0x0 build/asm/84E0.s.o
 .bss           0x0000000000000000        0x0 build/asm/84E0.s.o
 .reginfo       0x0000000000000000       0x18 build/asm/84E0.s.o
 .MIPS.abiflags
                0x0000000000000000       0x18 build/asm/84E0.s.o
 .pdr           0x0000000000000000        0x0 build/asm/84E0.s.o
 .gnu.attributes
                0x0000000000000000       0x10 build/asm/84E0.s.o
 .data          0x0000000000000000        0x0 build/asm/298D0.s.o
 .bss           0x0000000000000000        0x0 build/asm/298D0.s.o
 .reginfo       0x0000000000000000       0x18 build/asm/298D0.s.o
 .MIPS.abiflags
                0x0000000000000000       0x18 build/asm/298D0.s.o
 .pdr           0x0000000000000000        0x0 build/asm/298D0.s.o
 .gnu.attributes
                0x0000000000000000       0x10 build/asm/298D0.s.o
 .data          0x0000000000000000        0x0 build/asm/29DF0.s.o
 .bss           0x0000000000000000        0x0 build/asm/29DF0.s.o
 .reginfo       0x0000000000000000       0x18 build/asm/29DF0.s.o
 .MIPS.abiflags
                0x0000000000000000       0x18 build/asm/29DF0.s.o
 .pdr           0x0000000000000000        0x0 build/asm/29DF0.s.o
 .gnu.attributes
                0x0000000000000000       0x10 build/asm/29DF0.s.o
 .data          0x0000000000000000        0x0 build/asm/2C3B0.s.o
 .bss           0x0000000000000000        0x0 build/asm/2C3B0.s.o
 .reginfo       0x0000000000000000       0x18 build/asm/2C3B0.s.o
 .MIPS.abiflags
                0x0000000000000000       0x18 build/asm/2C3B0.s.o
 .pdr           0x0000000000000000        0x0 build/asm/2C3B0.s.o
 .gnu.attributes
                0x0000000000000000       0x10 build/asm/2C3B0.s.o
 .data          0x0000000000000000        0x0 build/asm/30FB0.s.o
 .bss           0x0000000000000000        0x0 build/asm/30FB0.s.o
 .reginfo       0x0000000000000000       0x18 build/asm/30FB0.s.o
 .MIPS.abiflags
                0x0000000000000000       0x18 build/asm/30FB0.s.o
 .pdr           0x0000000000000000        0x0 build/asm/30FB0.s.o
 .gnu.attributes
                0x0000000000000000       0x10 build/asm/30FB0.s.o
 .data          0x0000000000000000        0x0 build/asm/5FEB0.s.o
 .bss           0x0000000000000000        0x0 build/asm/5FEB0.s.o
 .reginfo       0x0000000000000000       0x18 build/asm/5FEB0.s.o
 .MIPS.abiflags
                0x0000000000000000       0x18 build/asm/5FEB0.s.o
 .pdr           0x0000000000000000        0x0 build/asm/5FEB0.s.o
 .gnu.attributes
                0x0000000000000000       0x10 build/asm/5FEB0.s.o
 .data          0x0000000000000000        0x0 build/asm/A3D00.s.o
 .bss           0x0000000000000000        0x0 build/asm/A3D00.s.o
 .reginfo       0x0000000000000000       0x18 build/asm/A3D00.s.o
 .MIPS.abiflags
                0x0000000000000000       0x18 build/asm/A3D00.s.o
 .pdr           0x0000000000000000        0x0 build/asm/A3D00.s.o
 .gnu.attributes
                0x0000000000000000       0x10 build/asm/A3D00.s.o
 .data          0x0000000000000000        0x0 build/asm/A4300.s.o
 .bss           0x0000000000000000        0x0 build/asm/A4300.s.o
 .reginfo       0x0000000000000000       0x18 build/asm/A4300.s.o
 .MIPS.abiflags
                0x0000000000000000       0x18 build/asm/A4300.s.o
 .pdr           0x0000000000000000        0x0 build/asm/A4300.s.o
 .gnu.attributes
                0x0000000000000000       0x10 build/asm/A4300.s.o
 .data          0x0000000000000000        0x0 build/asm/B2860.s.o
 .bss           0x0000000000000000        0x0 build/asm/B2860.s.o
 .reginfo       0x0000000000000000       0x18 build/asm/B2860.s.o
 .MIPS.abiflags
                0x0000000000000000       0x18 build/asm/B2860.s.o
 .pdr           0x0000000000000000        0x0 build/asm/B2860.s.o
 .gnu.attributes
                0x0000000000000000       0x10 build/asm/B2860.s.o
 .data          0x0000000000000000        0x0 build/asm/B39A0.s.o
 .bss           0x0000000000000000        0x0 build/asm/B39A0.s.o
 .reginfo       0x0000000000000000       0x18 build/asm/B39A0.s.o
 .MIPS.abiflags
[...]
Memory Configuration

Name             Origin             Length             Attributes
*default*        0x0000000000000000 0xffffffffffffffff

Linker script and memory map

LOAD build/asm/header.s.o
LOAD build/assets/boot.bin.o
LOAD build/asm/1000.s.o
LOAD build/asm/84E0.s.o
LOAD build/asm/298D0.s.o
LOAD build/asm/29DF0.s.o
LOAD build/asm/2C3B0.s.o
LOAD build/asm/30FB0.s.o
LOAD build/asm/5FEB0.s.o
LOAD build/asm/A3D00.s.o
LOAD build/asm/A4300.s.o
LOAD build/asm/B2860.s.o
LOAD build/asm/B39A0.s.o
LOAD build/asm/B4600.s.o
LOAD build/asm/B4B30.s.o
LOAD build/asm/B4F20.s.o
LOAD build/asm/B53D0.s.o
LOAD build/asm/B5440.s.o
LOAD build/asm/B5670.s.o
LOAD build/asm/B5800.s.o
LOAD build/asm/B5910.s.o
LOAD build/asm/B5A20.s.o
LOAD build/asm/B5B60.s.o
LOAD build/asm/B5BC0.s.o
LOAD build/asm/B5E30.s.o
LOAD build/asm/B5ED0.s.o
LOAD build/asm/B5F90.s.o
LOAD build/asm/B6180.s.o
LOAD build/asm/B63E0.s.o
LOAD build/asm/B6460.s.o
LOAD build/asm/B64C0.s.o
LOAD build/asm/B6630.s.o
LOAD build/asm/B66A0.s.o
LOAD build/asm/B6A60.s.o
LOAD build/asm/B6E80.s.o
LOAD build/asm/B6EE0.s.o
LOAD build/asm/B76B0.s.o
LOAD build/asm/B7720.s.o
LOAD build/asm/B7800.s.o
LOAD build/asm/B7950.s.o
LOAD build/asm/B7980.s.o
LOAD build/asm/B7C40.s.o
LOAD build/asm/B7CA0.s.o
LOAD build/asm/B7D20.s.o
LOAD build/asm/B7E40.s.o
LOAD build/asm/B7F10.s.o
LOAD build/asm/B7FC0.s.o
LOAD build/asm/B8000.s.o
LOAD build/asm/B8250.s.o
LOAD build/asm/B95E0.s.o
LOAD build/asm/B9620.s.o
LOAD build/asm/B9D30.s.o
LOAD build/asm/B9D90.s.o
LOAD build/asm/BA5C0.s.o
LOAD build/asm/BA660.s.o
LOAD build/asm/BA680.s.o
LOAD build/asm/BA6E0.s.o
LOAD build/asm/BA740.s.o
LOAD build/asm/BA7D0.s.o
LOAD build/asm/BA830.s.o
LOAD build/asm/BA8A0.s.o
LOAD build/asm/BA910.s.o
LOAD build/asm/BA970.s.o
LOAD build/asm/BA9B0.s.o
LOAD build/asm/BAA80.s.o
LOAD build/asm/BB580.s.o
LOAD build/asm/BB5C0.s.o
LOAD build/asm/BB650.s.o
LOAD build/asm/BB660.s.o
LOAD build/asm/BB820.s.o
LOAD build/asm/BB8C0.s.o
LOAD build/asm/BBBF0.s.o
LOAD build/asm/BBD30.s.o
LOAD build/asm/BBE70.s.o
LOAD build/asm/BBEA0.s.o
LOAD build/asm/BC210.s.o
LOAD build/asm/BC380.s.o
LOAD build/asm/BC8B0.s.o
LOAD build/asm/BCC60.s.o
LOAD build/asm/BCC80.s.o
LOAD build/asm/BCD30.s.o
LOAD build/asm/BD6D0.s.o
LOAD build/asm/BDFE0.s.o
LOAD build/asm/BE020.s.o
LOAD build/asm/BE480.s.o
LOAD build/asm/BE5D0.s.o
LOAD build/asm/BE5E0.s.o
LOAD build/asm/BE940.s.o
LOAD build/asm/BF0F0.s.o
LOAD build/asm/BF300.s.o
LOAD build/asm/BF390.s.o
LOAD build/asm/C00F0.s.o
LOAD build/asm/C1810.s.o
LOAD build/asm/C1B30.s.o
LOAD build/asm/C1B70.s.o
LOAD build/asm/C1C00.s.o
LOAD build/asm/C1C30.s.o
LOAD build/asm/C1CF0.s.o
LOAD build/asm/C1D00.s.o
LOAD build/asm/C3640.s.o
LOAD build/asm/C3A50.s.o
LOAD build/asm/C3BA0.s.o
LOAD build/asm/C3C30.s.o
LOAD build/asm/C3E60.s.o
LOAD build/asm/C3F50.s.o
LOAD build/asm/C3FE0.s.o
LOAD build/asm/C4080.s.o
LOAD build/asm/C41B0.s.o
LOAD build/asm/C4950.s.o
LOAD build/asm/C49F0.s.o
LOAD build/asm/C5690.s.o
LOAD build/asm/C5990.s.o
LOAD build/asm/C65F0.s.o
LOAD build/asm/C6700.s.o
LOAD build/asm/C67D0.s.o
LOAD build/asm/C6FE0.s.o
LOAD build/asm/C7010.s.o
LOAD build/asm/C7110.s.o
LOAD build/asm/C7200.s.o
LOAD build/asm/C7210.s.o
LOAD build/asm/C7270.s.o
LOAD build/asm/C72C0.s.o
LOAD build/asm/C7310.s.o
LOAD build/asm/C73B0.s.o
LOAD build/asm/C7650.s.o
LOAD build/asm/C8110.s.o
LOAD build/asm/C87C0.s.o
LOAD build/asm/C87E0.s.o
LOAD build/asm/C9430.s.o
LOAD build/assets/C95B4.bin.o
                0x0000000080111c90                D_80111C90 = 0x80111c90
                0x0000000080113c90                D_80113C90 = 0x80113c90
                0x0000000080115e40                D_80115E40 = 0x80115e40
                0x0000000080168d70                D_80168D70 = 0x80168d70
                0x00000000801090f0                D_801090F0 = 0x801090f0
                0x0000000080119270                D_80119270 = 0x80119270
                0x00000000801191a8                D_801191A8 = 0x801191a8
                0x0000000080117ff0                D_80117FF0 = 0x80117ff0
                0x0000000080119290                D_80119290 = 0x80119290
                0x0000000080119288                D_80119288 = 0x80119288
                0x00000000801192b8                D_801192B8 = 0x801192b8
                0x00000000801192a8                D_801192A8 = 0x801192a8
                0x00000000801192d0                D_801192D0 = 0x801192d0
                0x00000000801192ac                D_801192AC = 0x801192ac
                0x00000000801192e8                D_801192E8 = 0x801192e8
                0x00000000801192b0                D_801192B0 = 0x801192b0
                0x000000008024c510                D_8024C510 = 0x8024c510
                0x0000000080119300                D_80119300 = 0x80119300
                0x00000000803b5000                D_803B5000 = 0x803b5000
                0x0000000080260fe0                D_80260FE0 = 0x80260fe0
                0x0000000080100f50                D_80100F50 = 0x80100f50
                0x00000000801191a0                D_801191A0 = 0x801191a0
                0x000000008010a2f0                D_8010A2F0 = 0x8010a2f0
                0x00000000800ff8d4                D_800FF8D4 = 0x800ff8d4
                0x000000008017499c                D_8017499C = 0x8017499c
                0x00000000800f73c8                D_800F73C8 = 0x800f73c8
                0x00000000800f6870                D_800F6870 = 0x800f6870
                0x000000008010a2f4                D_8010A2F4 = 0x8010a2f4
                0x00000000800f0560                D_800F0560 = 0x800f0560
                0x0000000080174980                D_80174980 = 0x80174980
                0x0000000080168d90                D_80168D90 = 0x80168d90
                0x000000008016aa98                D_8016AA98 = 0x8016aa98
                0x0000000080168da8                D_80168DA8 = 0x80168da8
                0x0000000080169268                D_80169268 = 0x80169268
                0x000000008016ac68                D_8016AC68 = 0x8016ac68
                0x0000000080172e88                D_80172E88 = 0x80172e88
                0x0000000080169138                D_80169138 = 0x80169138
                0x000000008010a320                D_8010A320 = 0x8010a320
                0x0000000080175680                D_80175680 = 0x80175680
                0x0000000080168db0                D_80168DB0 = 0x80168db0
                0x000000008010a324                D_8010A324 = 0x8010a324
                0x000000008010a498                D_8010A498 = 0x8010a498
                0x000000008010a4a0                D_8010A4A0 = 0x8010a4a0
                0x000000008010a4a8                D_8010A4A8 = 0x8010a4a8
                0x000000008010a4ac                D_8010A4AC = 0x8010a4ac
                0x000000008010a4b0                D_8010A4B0 = 0x8010a4b0
                0x00000000800f6878                D_800F6878 = 0x800f6878
                0x00000000800f0564                D_800F0564 = 0x800f0564
                0x000000008010a4ec                D_8010A4EC = 0x8010a4ec
                0x000000008010a4f0                D_8010A4F0 = 0x8010a4f0
                0x000000008010a4f4                D_8010A4F4 = 0x8010a4f4
                0x000000008010a4f8                D_8010A4F8 = 0x8010a4f8
                0x000000008010a51c                D_8010A51C = 0x8010a51c
                0x000000008010a520                D_8010A520 = 0x8010a520
                0x00000000800f056c                D_800F056C = 0x800f056c
                0x00000000800f0584                D_800F0584 = 0x800f0584
                0x00000000800f059c                D_800F059C = 0x800f059c
                0x000000008010a528                D_8010A528 = 0x8010a528
                0x000000008010a52c                D_8010A52C = 0x8010a52c
                0x000000008010a530                D_8010A530 = 0x8010a530
                0x00000000801749b4                D_801749B4 = 0x801749b4
                0x000000008010a534                D_8010A534 = 0x8010a534
                0x00000000800f05b4                D_800F05B4 = 0x800f05b4
                0x00000000800f05e0                D_800F05E0 = 0x800f05e0
                0x000000008010a538                D_8010A538 = 0x8010a538
                0x000000008010a550                D_8010A550 = 0x8010a550
                0x00000000800ffeb4                D_800FFEB4 = 0x800ffeb4
                0x000000008010a554                D_8010A554 = 0x8010a554
                0x00000000800f06dc                D_800F06DC = 0x800f06dc
                0x00000000801749ac                D_801749AC = 0x801749ac
                0x00000000800f0638                D_800F0638 = 0x800f0638
                0x000000008010a558                D_8010A558 = 0x8010a558
                0x000000008010a560                D_8010A560 = 0x8010a560
                0x000000008010a564                D_8010A564 = 0x8010a564
                0x000000008010a568                D_8010A568 = 0x8010a568
                0x000000008010a56c                D_8010A56C = 0x8010a56c
                0x000000008010a570                D_8010A570 = 0x8010a570
                0x000000008010a5a0                D_8010A5A0 = 0x8010a5a0
                0x0000000080170968                D_80170968 = 0x80170968
                0x000000008010a5a4                D_8010A5A4 = 0x8010a5a4
                0x00000000800fe400                D_800FE400 = 0x800fe400
                0x000000008010a6c4                D_8010A6C4 = 0x8010a6c4
                0x000000008010a6c8                D_8010A6C8 = 0x8010a6c8
                0x0000000080176f58                D_80176F58 = 0x80176f58
                0x0000000080100f60                D_80100F60 = 0x80100f60
                0x0000000080100f70                D_80100F70 = 0x80100f70
                0x0000000080100f68                D_80100F68 = 0x80100f68
                0x00000000800ffec0                D_800FFEC0 = 0x800ffec0
                0x00000000800ff8dc                D_800FF8DC = 0x800ff8dc
                0x00000000800ff8e0                D_800FF8E0 = 0x800ff8e0
                0x00000000800ff8e4                D_800FF8E4 = 0x800ff8e4
                0x00000000800f04e0                D_800F04E0 = 0x800f04e0
                0x00000000800ee1c0                D_800EE1C0 = 0x800ee1c0
                0x00000000800ee290                D_800EE290 = 0x800ee290
                0x00000000801111d0                D_801111D0 = 0x801111d0
                0x0000000080129720                D_80129720 = 0x80129720
                0x0000000080174998                D_80174998 = 0x80174998
                0x0000000080174878                D_80174878 = 0x80174878
                0x00000000800f06ec                D_800F06EC = 0x800f06ec
                0x0000000080174874                D_80174874 = 0x80174874
                0x0000000080168d78                D_80168D78 = 0x80168d78
                0x00000000800f066c                D_800F066C = 0x800f066c
                0x00000000800f0668                D_800F0668 = 0x800f0668
                0x0000000080129770                D_80129770 = 0x80129770
                0x0000000080168da0                D_80168DA0 = 0x80168da0
                0x00000000800f06a4                D_800F06A4 = 0x800f06a4
                0x000000008010b0d8                D_8010B0D8 = 0x8010b0d8
                0x000000008010b0e0                D_8010B0E0 = 0x8010b0e0
                0x000000008010b0e8                D_8010B0E8 = 0x8010b0e8
                0x000000008010b0f0                D_8010B0F0 = 0x8010b0f0
                0x000000008010b0f8                D_8010B0F8 = 0x8010b0f8
                0x000000008010b100                D_8010B100 = 0x8010b100
                0x000000008010a6d0                D_8010A6D0 = 0x8010a6d0
                0x000000008010aa28                D_8010AA28 = 0x8010aa28
                0x000000008010b108                D_8010B108 = 0x8010b108
                0x0000000080168da4                D_80168DA4 = 0x80168da4
                0x0000000080174988                D_80174988 = 0x80174988
                0x00000000801749a4                D_801749A4 = 0x801749a4
                0x00000000801749a0                D_801749A0 = 0x801749a0
                0x000000008017498c                D_8017498C = 0x8017498c
                0x0000000080174868                D_80174868 = 0x80174868
                0x0000000080174864                D_80174864 = 0x80174864
                0x0000000080174990                D_80174990 = 0x80174990
                0x00000000800f06f8                D_800F06F8 = 0x800f06f8
                0x00000000800f0700                D_800F0700 = 0x800f0700
                0x0000000080170e68                D_80170E68 = 0x80170e68
                0x0000000080174748                D_80174748 = 0x80174748
                0x0000000080168d7c                D_80168D7C = 0x80168d7c
                0x0000000080168d80                D_80168D80 = 0x80168d80
                0x0000000080168d84                D_80168D84 = 0x80168d84
                0x0000000080236974                D_80236974 = 0x80236974
                0x0000000080174860                D_80174860 = 0x80174860
                0x000000008010b284                D_8010B284 = 0x8010b284
                0x00000000801749a8                D_801749A8 = 0x801749a8
                0x0000000080240cd8                D_80240CD8 = 0x80240cd8
                0x000000008010b288                D_8010B288 = 0x8010b288
                0x000000008010b28c                D_8010B28C = 0x8010b28c
                0x000000008010b290                D_8010B290 = 0x8010b290
                0x000000008010b294                D_8010B294 = 0x8010b294
                0x000000008017485c                D_8017485C = 0x8017485c
                0x0000000080174858                D_80174858 = 0x80174858
                0x000000008010b298                D_8010B298 = 0x8010b298
                0x000000008010b2a0                D_8010B2A0 = 0x8010b2a0
                0x000000008010b2a4                D_8010B2A4 = 0x8010b2a4
                0x000000008010b2a8                D_8010B2A8 = 0x8010b2a8
                0x000000008010b2ac                D_8010B2AC = 0x8010b2ac
                0x000000008010b2b0                D_8010B2B0 = 0x8010b2b0
                0x000000008010b2b8                D_8010B2B8 = 0x8010b2b8
                0x000000008010b2c0                D_8010B2C0 = 0x8010b2c0
                0x000000008010b2c8                D_8010B2C8 = 0x8010b2c8
                0x000000008010b2d0                D_8010B2D0 = 0x8010b2d0
                0x000000008010b2d8                D_8010B2D8 = 0x8010b2d8
                0x000000008010b2e0                D_8010B2E0 = 0x8010b2e0
                0x000000008010b2e8                D_8010B2E8 = 0x8010b2e8
                0x000000008010b2f0                D_8010B2F0 = 0x8010b2f0
                0x000000008010b2f8                D_8010B2F8 = 0x8010b2f8
                0x000000008010b300                D_8010B300 = 0x8010b300
                0x000000008010b308                D_8010B308 = 0x8010b308
                0x000000008010b310                D_8010B310 = 0x8010b310
                0x000000008010b318                D_8010B318 = 0x8010b318
                0x000000008010b320                D_8010B320 = 0x8010b320
                0x0000000080174994                D_80174994 = 0x80174994
                0x00000000800fea30                D_800FEA30 = 0x800fea30
                0x000000008010b328                D_8010B328 = 0x8010b328
                0x000000008010b32c                D_8010B32C = 0x8010b32c
                0x000000008010b330                D_8010B330 = 0x8010b330
                0x000000008010b334                D_8010B334 = 0x8010b334
                0x000000008010b338                D_8010B338 = 0x8010b338
                0x000000008010b340                D_8010B340 = 0x8010b340
                0x000000008010b348                D_8010B348 = 0x8010b348
                0x000000008010b34c                D_8010B34C = 0x8010b34c
                0x000000008010b350                D_8010B350 = 0x8010b350
                0x00000000801749b0                D_801749B0 = 0x801749b0
                0x000000008010b354                D_8010B354 = 0x8010b354
                0x000000008010b358                D_8010B358 = 0x8010b358
                0x000000008010b368                D_8010B368 = 0x8010b368
                0x000000008010b378                D_8010B378 = 0x8010b378
                0x000000008010b388                D_8010B388 = 0x8010b388
                0x000000008010b398                D_8010B398 = 0x8010b398
                0x000000008010b3a8                D_8010B3A8 = 0x8010b3a8
                0x000000008010b3b0                D_8010B3B0 = 0x8010b3b0
                0x000000008010b3c0                D_8010B3C0 = 0x8010b3c0
                0x000000008010b3d0                D_8010B3D0 = 0x8010b3d0
                0x000000008010b3e0                D_8010B3E0 = 0x8010b3e0
                0x000000008010b3f8                D_8010B3F8 = 0x8010b3f8
                0x000000008010b400                D_8010B400 = 0x8010b400
                0x000000008010b408                D_8010B408 = 0x8010b408
                0x000000008010b410                D_8010B410 = 0x8010b410
                0x000000008010b418                D_8010B418 = 0x8010b418
                0x000000008010b420                D_8010B420 = 0x8010b420
                0x000000008010b428                D_8010B428 = 0x8010b428
                0x000000008010b430                D_8010B430 = 0x8010b430
                0x000000008010b438                D_8010B438 = 0x8010b438
                0x000000008010b440                D_8010B440 = 0x8010b440
                0x000000008010b448                D_8010B448 = 0x8010b448
                0x000000008010b458                D_8010B458 = 0x8010b458
                0x000000008010b460                D_8010B460 = 0x8010b460
                0x000000008010b470                D_8010B470 = 0x8010b470
                0x000000008010b478                D_8010B478 = 0x8010b478
                0x000000008010b47c                D_8010B47C = 0x8010b47c
                0x000000008010b480                D_8010B480 = 0x8010b480
                0x000000008010b48c                D_8010B48C = 0x8010b48c
                0x000000008010b490                D_8010B490 = 0x8010b490
                0x000000008010b494                D_8010B494 = 0x8010b494
                0x000000008010b498                D_8010B498 = 0x8010b498
                0x000000008010b49c                D_8010B49C = 0x8010b49c
                0x00000000801b1eee                D_801B1EEE = 0x801b1eee
                0x000000008010b4a0                D_8010B4A0 = 0x8010b4a0
                0x000000008010b4a8                D_8010B4A8 = 0x8010b4a8
                0x000000008010b4b8                D_8010B4B8 = 0x8010b4b8
                0x000000008010b4bc                D_8010B4BC = 0x8010b4bc
                0x000000008010b4c0                D_8010B4C0 = 0x8010b4c0
                0x000000008010b4c8                D_8010B4C8 = 0x8010b4c8
                0x000000008010b4d0                D_8010B4D0 = 0x8010b4d0
                0x000000008010b4d8                D_8010B4D8 = 0x8010b4d8
                0x000000008010b4e0                D_8010B4E0 = 0x8010b4e0
                0x000000008010b4e8                D_8010B4E8 = 0x8010b4e8
                0x000000008010b4f0                D_8010B4F0 = 0x8010b4f0
                0x000000008010b4f8                D_8010B4F8 = 0x8010b4f8
                0x000000008010b500                D_8010B500 = 0x8010b500
                0x000000008010b518                D_8010B518 = 0x8010b518
                0x000000008010b520                D_8010B520 = 0x8010b520
                0x000000008010b528                D_8010B528 = 0x8010b528
                0x000000008010b530                D_8010B530 = 0x8010b530
                0x000000008010b548                D_8010B548 = 0x8010b548
                0x000000008010b550                D_8010B550 = 0x8010b550
                0x000000008010b558                D_8010B558 = 0x8010b558
                0x000000008010b560                D_8010B560 = 0x8010b560
                0x000000008010b568                D_8010B568 = 0x8010b568
                0x000000008016acc8                D_8016ACC8 = 0x8016acc8
                0x000000008010b570                D_8010B570 = 0x8010b570
                0x000000008010b584                D_8010B584 = 0x8010b584
                0x000000008010b588                D_8010B588 = 0x8010b588
                0x000000008010b590                D_8010B590 = 0x8010b590
                0x000000008010b5a0                D_8010B5A0 = 0x8010b5a0
                0x000000008010b5a8                D_8010B5A8 = 0x8010b5a8
                0x000000008010b5b4                D_8010B5B4 = 0x8010b5b4
                0x0000000080174758                D_80174758 = 0x80174758
                0x000000008010b5f0                D_8010B5F0 = 0x8010b5f0
                0x000000008010b5f8                D_8010B5F8 = 0x8010b5f8
                0x000000008010b600                D_8010B600 = 0x8010b600
                0x000000008010b610                D_8010B610 = 0x8010b610
                0x000000008010b618                D_8010B618 = 0x8010b618
                0x000000008010b61c                D_8010B61C = 0x8010b61c
                0x000000008010b628                D_8010B628 = 0x8010b628
                0x000000008010b638                D_8010B638 = 0x8010b638
                0x000000008010b648                D_8010B648 = 0x8010b648
                0x000000008010b650                D_8010B650 = 0x8010b650
                0x000000008010b660                D_8010B660 = 0x8010b660
                0x000000008010b668                D_8010B668 = 0x8010b668
                0x000000008010b66c                D_8010B66C = 0x8010b66c
                0x000000008010b6a0                D_8010B6A0 = 0x8010b6a0
                0x000000008010b6a8                D_8010B6A8 = 0x8010b6a8
                0x000000008010b6b0                D_8010B6B0 = 0x8010b6b0
                0x000000008010b6b8                D_8010B6B8 = 0x8010b6b8
                0x000000008010b6c0                D_8010B6C0 = 0x8010b6c0
                0x000000008010b6c8                D_8010B6C8 = 0x8010b6c8
                0x000000008010b6d0                D_8010B6D0 = 0x8010b6d0
                0x000000008010b6d8                D_8010B6D8 = 0x8010b6d8
                0x000000008010b6e0                D_8010B6E0 = 0x8010b6e0
                0x000000008010b6e8                D_8010B6E8 = 0x8010b6e8
                0x000000008010b6f0                D_8010B6F0 = 0x8010b6f0
                0x000000008010b700                D_8010B700 = 0x8010b700
                0x000000008010b708                D_8010B708 = 0x8010b708
                0x000000008010b710                D_8010B710 = 0x8010b710
                0x000000008010b718                D_8010B718 = 0x8010b718
                0x000000008010b720                D_8010B720 = 0x8010b720
                0x000000008010b728                D_8010B728 = 0x8010b728
                0x000000008010b730                D_8010B730 = 0x8010b730
                0x000000008010b738                D_8010B738 = 0x8010b738
                0x000000008010b740                D_8010B740 = 0x8010b740
                0x000000008010b748                D_8010B748 = 0x8010b748
                0x000000008010b750                D_8010B750 = 0x8010b750
                0x000000008010b758                D_8010B758 = 0x8010b758
                0x000000008010b760                D_8010B760 = 0x8010b760
                0x000000008010b768                D_8010B768 = 0x8010b768
                0x000000008010b770                D_8010B770 = 0x8010b770
                0x000000008010b778                D_8010B778 = 0x8010b778
                0x000000008010b77c                D_8010B77C = 0x8010b77c
                0x000000008010b788                D_8010B788 = 0x8010b788
                0x000000008010b7a0                D_8010B7A0 = 0x8010b7a0
                0x000000008010b7a8                D_8010B7A8 = 0x8010b7a8
                0x000000008010b7b0                D_8010B7B0 = 0x8010b7b0
                0x000000008010b7b8                D_8010B7B8 = 0x8010b7b8
                0x00000000801748a0                D_801748A0 = 0x801748a0
                0x000000008010b7c0                D_8010B7C0 = 0x8010b7c0
                0x000000008010b7c4                D_8010B7C4 = 0x8010b7c4
                0x000000008010b7c8                D_8010B7C8 = 0x8010b7c8
                0x0000000080174880                D_80174880 = 0x80174880
                0x000000008010b7e0                D_8010B7E0 = 0x8010b7e0
                0x000000008010b7e4                D_8010B7E4 = 0x8010b7e4
                0x000000008010b7e8                D_8010B7E8 = 0x8010b7e8
                0x000000008010b7f0                D_8010B7F0 = 0x8010b7f0
                0x000000008010b7f8                D_8010B7F8 = 0x8010b7f8
                0x000000008010b7fc                D_8010B7FC = 0x8010b7fc
                0x000000008010b800                D_8010B800 = 0x8010b800
                0x000000008010b804                D_8010B804 = 0x8010b804
                0x000000008010b808                D_8010B808 = 0x8010b808
                0x000000008010b824                D_8010B824 = 0x8010b824
                0x000000008010b828                D_8010B828 = 0x8010b828
                0x000000008010b82c                D_8010B82C = 0x8010b82c
                0x000000008010b830                D_8010B830 = 0x8010b830
                0x000000008010b838                D_8010B838 = 0x8010b838
                0x000000008010b840                D_8010B840 = 0x8010b840
                0x000000008010b848                D_8010B848 = 0x8010b848
                0x000000008010b858                D_8010B858 = 0x8010b858
                0x000000008010b860                D_8010B860 = 0x8010b860
                0x000000008010b868                D_8010B868 = 0x8010b868
                0x000000008010b870                D_8010B870 = 0x8010b870
                0x000000008010b878                D_8010B878 = 0x8010b878
                0x000000008010b880                D_8010B880 = 0x8010b880
                0x000000008010b888                D_8010B888 = 0x8010b888
                0x000000008010b890                D_8010B890 = 0x8010b890
                0x000000008010b898                D_8010B898 = 0x8010b898
                0x000000008010b8a0                D_8010B8A0 = 0x8010b8a0
                0x000000008010b8a8                D_8010B8A8 = 0x8010b8a8
                0x000000008010b8b0                D_8010B8B0 = 0x8010b8b0
                0x000000008010b8b8                D_8010B8B8 = 0x8010b8b8
                0x000000008010b8bc                D_8010B8BC = 0x8010b8bc
                0x000000008010b8d4                D_8010B8D4 = 0x8010b8d4
                0x000000008010b8e0                D_8010B8E0 = 0x8010b8e0
                0x000000008010b8e8                D_8010B8E8 = 0x8010b8e8
                0x000000008010b8f0                D_8010B8F0 = 0x8010b8f0
                0x000000008010b8f4                D_8010B8F4 = 0x8010b8f4
                0x000000008010b8f8                D_8010B8F8 = 0x8010b8f8
                0x000000008010b8fc                D_8010B8FC = 0x8010b8fc
                0x000000008010b900                D_8010B900 = 0x8010b900
                0x000000008010b908                D_8010B908 = 0x8010b908
                0x000000008010b910                D_8010B910 = 0x8010b910
                0x000000008010b914                D_8010B914 = 0x8010b914
                0x000000008010b918                D_8010B918 = 0x8010b918
                0x000000008010b958                D_8010B958 = 0x8010b958
                0x000000008010b960                D_8010B960 = 0x8010b960
                0x000000008010b968                D_8010B968 = 0x8010b968
                0x000000008010b970                D_8010B970 = 0x8010b970
                0x000000008010b978                D_8010B978 = 0x8010b978
                0x000000008010b980                D_8010B980 = 0x8010b980
                0x000000008010b988                D_8010B988 = 0x8010b988
                0x000000008010b990                D_8010B990 = 0x8010b990
                0x000000008010b998                D_8010B998 = 0x8010b998
                0x000000008010b9a0                D_8010B9A0 = 0x8010b9a0
                0x000000008010b9a8                D_8010B9A8 = 0x8010b9a8
                0x000000008010b9b0                D_8010B9B0 = 0x8010b9b0
                0x000000008010b9b8                D_8010B9B8 = 0x8010b9b8
                0x000000008010b9c0                D_8010B9C0 = 0x8010b9c0
                0x000000008010b9c8                D_8010B9C8 = 0x8010b9c8
                0x000000008010b9d0                D_8010B9D0 = 0x8010b9d0
                0x000000008010b9d8                D_8010B9D8 = 0x8010b9d8
                0x000000008010b9e0                D_8010B9E0 = 0x8010b9e0
                0x000000008010b9e8                D_8010B9E8 = 0x8010b9e8
                0x000000008010b9ec                D_8010B9EC = 0x8010b9ec
                0x000000008010b9f0                D_8010B9F0 = 0x8010b9f0
                0x000000008010b9f8                D_8010B9F8 = 0x8010b9f8
                0x000000008010ba10                D_8010BA10 = 0x8010ba10
                0x000000008010ba18                D_8010BA18 = 0x8010ba18
                0x000000008010ba28                D_8010BA28 = 0x8010ba28
                0x000000008010ba30                D_8010BA30 = 0x8010ba30
                0x000000008010ba34                D_8010BA34 = 0x8010ba34
                0x000000008010ba3c                D_8010BA3C = 0x8010ba3c
                0x000000008010a774                D_8010A774 = 0x8010a774
                0x000000008010ba40                D_8010BA40 = 0x8010ba40
                0x000000008010ba48                D_8010BA48 = 0x8010ba48
                0x000000008010ba50                D_8010BA50 = 0x8010ba50
                0x000000008010ba70                D_8010BA70 = 0x8010ba70
                0x000000008010ba78                D_8010BA78 = 0x8010ba78
                0x000000008010ba80                D_8010BA80 = 0x8010ba80
                0x0000000080175590                D_80175590 = 0x80175590
                0x000000008010ba88                D_8010BA88 = 0x8010ba88
                0x000000008010ba8c                D_8010BA8C = 0x8010ba8c
                0x000000008010ba94                D_8010BA94 = 0x8010ba94
                0x000000008010ba98                D_8010BA98 = 0x8010ba98
                0x000000008010ba9c                D_8010BA9C = 0x8010ba9c
                0x000000008010baa0                D_8010BAA0 = 0x8010baa0
                0x000000008010baa4                D_8010BAA4 = 0x8010baa4
                0x000000008010baa8                D_8010BAA8 = 0x8010baa8
                0x000000008010bab0                D_8010BAB0 = 0x8010bab0
                0x000000008010bab8                D_8010BAB8 = 0x8010bab8
                0x000000008010bac0                D_8010BAC0 = 0x8010bac0
                0x000000008010bac8                D_8010BAC8 = 0x8010bac8
                0x000000008010bacc                D_8010BACC = 0x8010bacc
                0x000000008010bae0                D_8010BAE0 = 0x8010bae0
                0x000000008010bae8                D_8010BAE8 = 0x8010bae8
                0x000000008010baf0                D_8010BAF0 = 0x8010baf0
                0x000000008010baf8                D_8010BAF8 = 0x8010baf8
                0x000000008010bb00                D_8010BB00 = 0x8010bb00
                0x000000008010bb08                D_8010BB08 = 0x8010bb08
                0x000000008010bb10                D_8010BB10 = 0x8010bb10
                0x000000008010bb18                D_8010BB18 = 0x8010bb18
                0x000000008010bb1c                D_8010BB1C = 0x8010bb1c
                0x000000008010bb28                D_8010BB28 = 0x8010bb28
                0x000000008010bb2c                D_8010BB2C = 0x8010bb2c
                0x000000008010bb30                D_8010BB30 = 0x8010bb30
                0x000000008010bb38                D_8010BB38 = 0x8010bb38
                0x000000008010bb40                D_8010BB40 = 0x8010bb40
                0x000000008010bb48                D_8010BB48 = 0x8010bb48
                0x000000008010bb4c                D_8010BB4C = 0x8010bb4c
                0x000000008010bb54                D_8010BB54 = 0x8010bb54
                0x000000008010bb60                D_8010BB60 = 0x8010bb60
                0x000000008010bb68                D_8010BB68 = 0x8010bb68
                0x000000008010bb70                D_8010BB70 = 0x8010bb70
                0x000000008010bb78                D_8010BB78 = 0x8010bb78
                0x000000008010bb80                D_8010BB80 = 0x8010bb80
                0x000000008010bb88                D_8010BB88 = 0x8010bb88
                0x000000008010bb90                D_8010BB90 = 0x8010bb90
                0x000000008010bb98                D_8010BB98 = 0x8010bb98
                0x000000008010bba0                D_8010BBA0 = 0x8010bba0
                0x000000008010bba8                D_8010BBA8 = 0x8010bba8
                0x000000008010bbd8                D_8010BBD8 = 0x8010bbd8
                0x000000008010bbdc                D_8010BBDC = 0x8010bbdc
                0x000000008010bbe0                D_8010BBE0 = 0x8010bbe0
                0x000000008010bbe8                D_8010BBE8 = 0x8010bbe8
                0x000000008010bbf0                D_8010BBF0 = 0x8010bbf0
                0x000000008010bbf8                D_8010BBF8 = 0x8010bbf8
                0x000000008010bc00                D_8010BC00 = 0x8010bc00
                0x000000008010bc08                D_8010BC08 = 0x8010bc08
                0x000000008010bc10                D_8010BC10 = 0x8010bc10
                0x000000008010bc18                D_8010BC18 = 0x8010bc18
                0x000000008010bc20                D_8010BC20 = 0x8010bc20
                0x000000008010bc28                D_8010BC28 = 0x8010bc28
                0x000000008010bc30                D_8010BC30 = 0x8010bc30
                0x000000008010bc38                D_8010BC38 = 0x8010bc38
                0x000000008010bc3c                D_8010BC3C = 0x8010bc3c
                0x00000000800f067c                D_800F067C = 0x800f067c
                0x000000008010bc40                D_8010BC40 = 0x8010bc40
                0x000000008010bc48                D_8010BC48 = 0x8010bc48
                0x000000008010bc50                D_8010BC50 = 0x8010bc50
                0x000000008010bc6c                D_8010BC6C = 0x8010bc6c
                0x000000008010bc70                D_8010BC70 = 0x8010bc70
                0x000000008010bc74                D_8010BC74 = 0x8010bc74
                0x000000008010bc78                D_8010BC78 = 0x8010bc78
                0x000000008010bc7c                D_8010BC7C = 0x8010bc7c
                0x000000008010bc80                D_8010BC80 = 0x8010bc80
                0x000000008010bc88                D_8010BC88 = 0x8010bc88
                0x000000008010bc90                D_8010BC90 = 0x8010bc90
                0x000000008010bc98                D_8010BC98 = 0x8010bc98
                0x000000008010bca4                D_8010BCA4 = 0x8010bca4
                0x000000008010bca8                D_8010BCA8 = 0x8010bca8
                0x000000008010bcb0                D_8010BCB0 = 0x8010bcb0
                0x000000008010bcb8                D_8010BCB8 = 0x8010bcb8
                0x000000008010bcc0                D_8010BCC0 = 0x8010bcc0
                0x000000008010bcc8                D_8010BCC8 = 0x8010bcc8
                0x000000008010bcd0                D_8010BCD0 = 0x8010bcd0
                0x000000008010bcd8                D_8010BCD8 = 0x8010bcd8
                0x000000008010bce0                D_8010BCE0 = 0x8010bce0
                0x000000008010bce8                D_8010BCE8 = 0x8010bce8
                0x000000008010bcf0                D_8010BCF0 = 0x8010bcf0
                0x000000008010bcf8                D_8010BCF8 = 0x8010bcf8
                0x000000008010bd00                D_8010BD00 = 0x8010bd00
                0x000000008010bd04                D_8010BD04 = 0x8010bd04
                0x000000008010bd08                D_8010BD08 = 0x8010bd08
                0x000000008010bd0c                D_8010BD0C = 0x8010bd0c
                0x000000008010bd10                D_8010BD10 = 0x8010bd10
                0x000000008010bd14                D_8010BD14 = 0x8010bd14
                0x000000008010bd1c                D_8010BD1C = 0x8010bd1c
                0x000000008010bd20                D_8010BD20 = 0x8010bd20
                0x000000008010bd28                D_8010BD28 = 0x8010bd28
                0x000000008010bd30                D_8010BD30 = 0x8010bd30
                0x000000008010bd38                D_8010BD38 = 0x8010bd38
                0x000000008010bd40                D_8010BD40 = 0x8010bd40
                0x000000008010bd44                D_8010BD44 = 0x8010bd44
                0x000000008010bd48                D_8010BD48 = 0x8010bd48
                0x000000008010bd50                D_8010BD50 = 0x8010bd50
                0x000000008010bd58                D_8010BD58 = 0x8010bd58
                0x000000008010bd60                D_8010BD60 = 0x8010bd60
                0x000000008010bd68                D_8010BD68 = 0x8010bd68
                0x000000008010bd88                D_8010BD88 = 0x8010bd88
                0x000000008010bd90                D_8010BD90 = 0x8010bd90
                0x000000008010bd98                D_8010BD98 = 0x8010bd98
                0x000000008010bd9c                D_8010BD9C = 0x8010bd9c
                0x000000008010bda0                D_8010BDA0 = 0x8010bda0
                0x000000008010bda4                D_8010BDA4 = 0x8010bda4
                0x000000008010bda8                D_8010BDA8 = 0x8010bda8
                0x000000008010bdb0                D_8010BDB0 = 0x8010bdb0
                0x000000008010bdb8                D_8010BDB8 = 0x8010bdb8
                0x000000008010bdc0                D_8010BDC0 = 0x8010bdc0
                0x000000008010bdc8                D_8010BDC8 = 0x8010bdc8
                0x000000008010bdd0                D_8010BDD0 = 0x8010bdd0
                0x000000008010bdd8                D_8010BDD8 = 0x8010bdd8
                0x000000008010bddc                D_8010BDDC = 0x8010bddc
                0x000000008010bde0                D_8010BDE0 = 0x8010bde0
                0x000000008010bde8                D_8010BDE8 = 0x8010bde8
                0x000000008010bdf0                D_8010BDF0 = 0x8010bdf0
                0x000000008010bdf8                D_8010BDF8 = 0x8010bdf8
                0x000000008010be00                D_8010BE00 = 0x8010be00
                0x000000008010be04                D_8010BE04 = 0x8010be04
                0x000000008010be10                D_8010BE10 = 0x8010be10
                0x000000008010be18                D_8010BE18 = 0x8010be18
                0x000000008010be20                D_8010BE20 = 0x8010be20
                0x000000008010be28                D_8010BE28 = 0x8010be28
                0x000000008010be30                D_8010BE30 = 0x8010be30
                0x000000008010be38                D_8010BE38 = 0x8010be38
                0x000000008010be3c                D_8010BE3C = 0x8010be3c
                0x000000008010be40                D_8010BE40 = 0x8010be40
                0x000000008010be48                D_8010BE48 = 0x8010be48
                0x000000008010be50                D_8010BE50 = 0x8010be50
                0x000000008010be58                D_8010BE58 = 0x8010be58
                0x000000008010be60                D_8010BE60 = 0x8010be60
                0x000000008010be68                D_8010BE68 = 0x8010be68
                0x0000000080176d08                D_80176D08 = 0x80176d08
                0x000000008010be6c                D_8010BE6C = 0x8010be6c
                0x000000008010be70                D_8010BE70 = 0x8010be70
                0x000000008010be74                D_8010BE74 = 0x8010be74
                0x0000000080176d88                D_80176D88 = 0x80176d88
                0x000000008010be78                D_8010BE78 = 0x8010be78
                0x000000008010be80                D_8010BE80 = 0x8010be80
                0x000000008010be84                D_8010BE84 = 0x8010be84
                0x000000008010beb0                D_8010BEB0 = 0x8010beb0
                0x000000008010beb8                D_8010BEB8 = 0x8010beb8
                0x000000008010bec0                D_8010BEC0 = 0x8010bec0
                0x000000008010bec8                D_8010BEC8 = 0x8010bec8
                0x000000008010bed0                D_8010BED0 = 0x8010bed0
                0x000000008010bed8                D_8010BED8 = 0x8010bed8
                0x000000008010bee0                D_8010BEE0 = 0x8010bee0
                0x000000008010bee8                D_8010BEE8 = 0x8010bee8
                0x000000008010bef0                D_8010BEF0 = 0x8010bef0
                0x000000008010bef8                D_8010BEF8 = 0x8010bef8
                0x000000008010bf00                D_8010BF00 = 0x8010bf00
                0x000000008010bf08                D_8010BF08 = 0x8010bf08
                0x000000008010bf10                D_8010BF10 = 0x8010bf10
                0x000000008010bf18                D_8010BF18 = 0x8010bf18
                0x000000008010bf20                D_8010BF20 = 0x8010bf20
                0x000000008010bf24                D_8010BF24 = 0x8010bf24
                0x000000008010bf28                D_8010BF28 = 0x8010bf28
                0x000000008010bf30                D_8010BF30 = 0x8010bf30
                0x000000008010bf38                D_8010BF38 = 0x8010bf38
                0x000000008010bf40                D_8010BF40 = 0x8010bf40
                0x000000008010bf48                D_8010BF48 = 0x8010bf48
                0x000000008010bf50                D_8010BF50 = 0x8010bf50
                0x000000008010bf58                D_8010BF58 = 0x8010bf58
                0x000000008010bf60                D_8010BF60 = 0x8010bf60
                0x000000008010bf68                D_8010BF68 = 0x8010bf68
                0x000000008010bf70                D_8010BF70 = 0x8010bf70
                0x000000008010bf78                D_8010BF78 = 0x8010bf78
                0x000000008010bf7c                D_8010BF7C = 0x8010bf7c
                0x000000008010bf84                D_8010BF84 = 0x8010bf84
                0x000000008010bf88                D_8010BF88 = 0x8010bf88
                0x00000000801749d8                D_801749D8 = 0x801749d8
                0x0000000080174a50                D_80174A50 = 0x80174a50
                0x000000008010bf98                D_8010BF98 = 0x8010bf98
                0x000000008010bf9c                D_8010BF9C = 0x8010bf9c
                0x000000008010bfa0                D_8010BFA0 = 0x8010bfa0
                0x0000000080174a14                D_80174A14 = 0x80174a14
                0x000000008010bfa4                D_8010BFA4 = 0x8010bfa4
                0x000000008010bfa8                D_8010BFA8 = 0x8010bfa8
                0x000000008010bff8                D_8010BFF8 = 0x8010bff8
                0x000000008010c000                D_8010C000 = 0x8010c000
                0x000000008010c008                D_8010C008 = 0x8010c008
                0x000000008010c010                D_8010C010 = 0x8010c010
                0x000000008010c014                D_8010C014 = 0x8010c014
                0x000000008010c018                D_8010C018 = 0x8010c018
                0x000000008010c020                D_8010C020 = 0x8010c020
                0x000000008010c028                D_8010C028 = 0x8010c028
                0x000000008010c030                D_8010C030 = 0x8010c030
                0x000000008010c038                D_8010C038 = 0x8010c038
                0x000000008010c040                D_8010C040 = 0x8010c040
                0x000000008010c048                D_8010C048 = 0x8010c048
                0x000000008010c050                D_8010C050 = 0x8010c050
                0x00000000801749dc                D_801749DC = 0x801749dc
                0x000000008010c058                D_8010C058 = 0x8010c058
                0x000000008010c060                D_8010C060 = 0x8010c060
                0x000000008010c068                D_8010C068 = 0x8010c068
                0x000000008010c070                D_8010C070 = 0x8010c070
                0x000000008010c078                D_8010C078 = 0x8010c078
                0x000000008010c088                D_8010C088 = 0x8010c088
                0x000000008010c090                D_8010C090 = 0x8010c090
                0x000000008010c094                D_8010C094 = 0x8010c094
                0x000000008010c098                D_8010C098 = 0x8010c098
                0x000000008010a8c0                D_8010A8C0 = 0x8010a8c0
                0x000000008010c09c                D_8010C09C = 0x8010c09c
                0x000000008010c0a0                D_8010C0A0 = 0x8010c0a0
                0x000000008010c0a8                D_8010C0A8 = 0x8010c0a8
                0x000000008010c0b0                D_8010C0B0 = 0x8010c0b0
                0x000000008010c0b8                D_8010C0B8 = 0x8010c0b8
                0x000000008010c0c0                D_8010C0C0 = 0x8010c0c0
                0x000000008010c0c8                D_8010C0C8 = 0x8010c0c8
                0x000000008010c0d0                D_8010C0D0 = 0x8010c0d0
                0x000000008010c0d8                D_8010C0D8 = 0x8010c0d8
                0x000000008010c0e8                D_8010C0E8 = 0x8010c0e8
                0x000000008010c0f0                D_8010C0F0 = 0x8010c0f0
                0x000000008010c100                D_8010C100 = 0x8010c100
                0x000000008010c108                D_8010C108 = 0x8010c108
                0x000000008010c110                D_8010C110 = 0x8010c110
                0x000000008010c118                D_8010C118 = 0x8010c118
                0x000000008010c120                D_8010C120 = 0x8010c120
                0x00000000800f0680                D_800F0680 = 0x800f0680
                0x000000008010c1dc                D_8010C1DC = 0x8010c1dc
                0x000000008010c1fc                D_8010C1FC = 0x8010c1fc
                0x000000008010c204                D_8010C204 = 0x8010c204
                0x000000008010c208                D_8010C208 = 0x8010c208
                0x000000008010c20c                D_8010C20C = 0x8010c20c
                0x000000008010c210                D_8010C210 = 0x8010c210
                0x000000008010c214                D_8010C214 = 0x8010c214
                0x000000008010c218                D_8010C218 = 0x8010c218
                0x000000008010c220                D_8010C220 = 0x8010c220
                0x000000008010c228                D_8010C228 = 0x8010c228
                0x000000008010c230                D_8010C230 = 0x8010c230
                0x000000008010c238                D_8010C238 = 0x8010c238
                0x000000008010c23c                D_8010C23C = 0x8010c23c
                0x000000008010c240                D_8010C240 = 0x8010c240
                0x000000008010c248                D_8010C248 = 0x8010c248
                0x000000008010c250                D_8010C250 = 0x8010c250
                0x000000008010c258                D_8010C258 = 0x8010c258
                0x000000008010c260                D_8010C260 = 0x8010c260
                0x000000008010c264                D_8010C264 = 0x8010c264
                0x000000008010c268                D_8010C268 = 0x8010c268
                0x000000008010c270                D_8010C270 = 0x8010c270
                0x000000008010c274                D_8010C274 = 0x8010c274
                0x000000008010c278                D_8010C278 = 0x8010c278
                0x000000008010c280                D_8010C280 = 0x8010c280
                0x0000000080174754                D_80174754 = 0x80174754
                0x000000008010c28c                D_8010C28C = 0x8010c28c
                0x000000008010c290                D_8010C290 = 0x8010c290
                0x000000008010c298                D_8010C298 = 0x8010c298
                0x000000008010c2a0                D_8010C2A0 = 0x8010c2a0
                0x000000008010c2a8                D_8010C2A8 = 0x8010c2a8
                0x000000008010c2b0                D_8010C2B0 = 0x8010c2b0
                0x000000008010c2b4                D_8010C2B4 = 0x8010c2b4
                0x000000008010c2b8                D_8010C2B8 = 0x8010c2b8
                0x000000008010c2bc                D_8010C2BC = 0x8010c2bc
                0x000000008010c2c0                D_8010C2C0 = 0x8010c2c0
                0x000000008010c2c4                D_8010C2C4 = 0x8010c2c4
                0x000000008010c2c8                D_8010C2C8 = 0x8010c2c8
                0x000000008010c2cc                D_8010C2CC = 0x8010c2cc
                0x000000008010c2d0                D_8010C2D0 = 0x8010c2d0
                0x000000008010c2f0                D_8010C2F0 = 0x8010c2f0
                0x000000008010c2f8                D_8010C2F8 = 0x8010c2f8
                0x000000008010c300                D_8010C300 = 0x8010c300
                0x000000008010c308                D_8010C308 = 0x8010c308
                0x000000008010c310                D_8010C310 = 0x8010c310
                0x000000008010c314                D_8010C314 = 0x8010c314
                0x000000008010c318                D_8010C318 = 0x8010c318
                0x000000008010c31c                D_8010C31C = 0x8010c31c
                0x000000008010c324                D_8010C324 = 0x8010c324
                0x0000000080168ec4                D_80168EC4 = 0x80168ec4
                0x000000008010c328                D_8010C328 = 0x8010c328
                0x000000008010c4d0                D_8010C4D0 = 0x8010c4d0
                0x000000008010c4d8                D_8010C4D8 = 0x8010c4d8
                0x000000008010c4e0                D_8010C4E0 = 0x8010c4e0
                0x000000008010c4e8                D_8010C4E8 = 0x8010c4e8
                0x000000008010c4ec                D_8010C4EC = 0x8010c4ec
                0x000000008010c4f0                D_8010C4F0 = 0x8010c4f0
                0x00000000801749d0                D_801749D0 = 0x801749d0
                0x0000000080168ed0                D_80168ED0 = 0x80168ed0
                0x000000008010c4f8                D_8010C4F8 = 0x8010c4f8
                0x000000008010c500                D_8010C500 = 0x8010c500
                0x00000000801003dc                D_801003DC = 0x801003dc
                0x0000000080175608                D_80175608 = 0x80175608
                0x000000008010c508                D_8010C508 = 0x8010c508
                0x000000008010c510                D_8010C510 = 0x8010c510
                0x000000008010c518                D_8010C518 = 0x8010c518
                0x000000008010c520                D_8010C520 = 0x8010c520
                0x000000008010c524                D_8010C524 = 0x8010c524
                0x000000008010c528                D_8010C528 = 0x8010c528
                0x000000008010c52c                D_8010C52C = 0x8010c52c
                0x000000008010c530                D_8010C530 = 0x8010c530
                0x00000000c479c534                D_C479C534 = 0xc479c534
                0x000000008010c53c                D_8010C53C = 0x8010c53c
                0x0000000080202514                D_80202514 = 0x80202514
                0x000000008010c578                D_8010C578 = 0x8010c578
                0x000000008010c580                D_8010C580 = 0x8010c580
                0x000000008010c588                D_8010C588 = 0x8010c588
                0x000000008010c590                D_8010C590 = 0x8010c590
                0x000000008010c594                D_8010C594 = 0x8010c594
                0x000000008010c59c                D_8010C59C = 0x8010c59c
                0x000000008010c5d8                D_8010C5D8 = 0x8010c5d8
                0x000000008010c5f4                D_8010C5F4 = 0x8010c5f4
                0x00000000801755e8                D_801755E8 = 0x801755e8
                0x0000000080175598                D_80175598 = 0x80175598
                0x000000008010c5f8                D_8010C5F8 = 0x8010c5f8
                0x00000000801755f8                D_801755F8 = 0x801755f8
                0x00000000801755a8                D_801755A8 = 0x801755a8
                0x0000000080168dac                D_80168DAC = 0x80168dac
                0x0000000080168db4                D_80168DB4 = 0x80168db4
                0x000000008010c610                D_8010C610 = 0x8010c610
                0x000000008010c614                D_8010C614 = 0x8010c614
                0x000000008010c618                D_8010C618 = 0x8010c618
                0x000000008010c620                D_8010C620 = 0x8010c620
                0x000000008010c628                D_8010C628 = 0x8010c628
                0x000000008010c630                D_8010C630 = 0x8010c630
                0x0000000080168dd0                D_80168DD0 = 0x80168dd0
                0x00000000800f06e4                D_800F06E4 = 0x800f06e4
                0x00000000800f0674                D_800F0674 = 0x800f0674
                0x0000000080174984                D_80174984 = 0x80174984
                0x000000008016ab14                D_8016AB14 = 0x8016ab14
                0x0000000080175640                D_80175640 = 0x80175640
                0x0000000080175620                D_80175620 = 0x80175620
                0x0000000080175638                D_80175638 = 0x80175638
                0x00000000801756c0                D_801756C0 = 0x801756c0
                0x0000000080175678                D_80175678 = 0x80175678
                0x0000000080175668                D_80175668 = 0x80175668
                0x0000000080176960                D_80176960 = 0x80176960
                0x00000000800f0690                D_800F0690 = 0x800f0690
                0x00000000801756c8                D_801756C8 = 0x801756c8
                0x0000000080175650                D_80175650 = 0x80175650
                0x0000000080175690                D_80175690 = 0x80175690
                0x00000000801756a0                D_801756A0 = 0x801756a0
                0x00000000801756b0                D_801756B0 = 0x801756b0
                0x00000000800f0718                D_800F0718 = 0x800f0718
                0x00000000800f071c                D_800F071C = 0x800f071c
                0x0000000080168ee0                D_80168EE0 = 0x80168ee0
                0x00000000800f0720                D_800F0720 = 0x800f0720
                0x0000000080169010                D_80169010 = 0x80169010
                0x00000000800f0724                D_800F0724 = 0x800f0724
                0x0000000080169140                D_80169140 = 0x80169140
                0x0000000080176b74                D_80176B74 = 0x80176b74
                0x00000000802478e0                D_802478E0 = 0x802478e0
                0x00000000800f0728                D_800F0728 = 0x800f0728
                0x00000000800f0730                D_800F0730 = 0x800f0730
                0x000000008010c8b0                D_8010C8B0 = 0x8010c8b0
                0x000000008010c8b8                D_8010C8B8 = 0x8010c8b8
                0x000000008010c8c0                D_8010C8C0 = 0x8010c8c0
                0x000000008010c8c8                D_8010C8C8 = 0x8010c8c8
                0x00000000800f072c                D_800F072C = 0x800f072c
                0x00000000800f0734                D_800F0734 = 0x800f0734
                0x00000000800f08c4                D_800F08C4 = 0x800f08c4
                0x0000000080176810                D_80176810 = 0x80176810
                0x0000000080176814                D_80176814 = 0x80176814
                0x0000000080176818                D_80176818 = 0x80176818
                0x0000000080176815                D_80176815 = 0x80176815
                0x0000000080176811                D_80176811 = 0x80176811
                0x0000000080176816                D_80176816 = 0x80176816
                0x0000000080176812                D_80176812 = 0x80176812
                0x0000000080176817                D_80176817 = 0x80176817
                0x0000000080176813                D_80176813 = 0x80176813
                0x00000000800f08d0                D_800F08D0 = 0x800f08d0
                0x00000000800f08c8                D_800F08C8 = 0x800f08c8
                0x00000000800f070c                D_800F070C = 0x800f070c
                0x0000000080175870                D_80175870 = 0x80175870
                0x00000000800f0710                D_800F0710 = 0x800f0710
                0x00000000800f08d4                D_800F08D4 = 0x800f08d4
                0x000000008010c640                D_8010C640 = 0x8010c640
                0x000000008010c6c8                D_8010C6C8 = 0x8010c6c8
                0x00000000800f09a4                D_800F09A4 = 0x800f09a4
                0x00000000800f099c                D_800F099C = 0x800f099c
                0x00000000800f09a8                D_800F09A8 = 0x800f09a8
                0x000000008010c750                D_8010C750 = 0x8010c750
                0x000000008010c780                D_8010C780 = 0x8010c780
                0x00000000800f06b0                D_800F06B0 = 0x800f06b0
                0x00000000800f0b38                D_800F0B38 = 0x800f0b38
                0x000000008010c7b0                D_8010C7B0 = 0x8010c7b0
                0x000000008010c8d0                D_8010C8D0 = 0x8010c8d0
                0x00000000800f0714                D_800F0714 = 0x800f0714
                0x000000008010c8f4                D_8010C8F4 = 0x8010c8f4
                0x000000008010c8f8                D_8010C8F8 = 0x8010c8f8
                0x000000008010c8fc                D_8010C8FC = 0x8010c8fc
                0x000000008010c7c4                D_8010C7C4 = 0x8010c7c4
                0x000000008010c7cc                D_8010C7CC = 0x8010c7cc
                0x000000008010c7d4                D_8010C7D4 = 0x8010c7d4
                0x000000008010c7e0                D_8010C7E0 = 0x8010c7e0
                0x000000008010c7f0                D_8010C7F0 = 0x8010c7f0
                0x000000008010c800                D_8010C800 = 0x8010c800
                0x000000008010c80c                D_8010C80C = 0x8010c80c
                0x00000000800f0b40                D_800F0B40 = 0x800f0b40
                0x000000008010c81c                D_8010C81C = 0x8010c81c
                0x000000008010c824                D_8010C824 = 0x8010c824
                0x000000008010c838                D_8010C838 = 0x8010c838
                0x000000008010c850                D_8010C850 = 0x8010c850
                0x000000008010c860                D_8010C860 = 0x8010c860
                0x000000008010c870                D_8010C870 = 0x8010c870
                0x000000008010c888                D_8010C888 = 0x8010c888
                0x000000008010c89c                D_8010C89C = 0x8010c89c
                0x00000000801768a0                D_801768A0 = 0x801768a0
                0x00000000801748a8                D_801748A8 = 0x801748a8
                0x0000000080240ce0                D_80240CE0 = 0x80240ce0
                0x00000000800f0b3c                D_800F0B3C = 0x800f0b3c
                0x00000000800f0be0                D_800F0BE0 = 0x800f0be0
                0x00000000800f0be4                D_800F0BE4 = 0x800f0be4
                0x00000000800f0bc0                D_800F0BC0 = 0x800f0bc0
                0x00000000800f0b68                D_800F0B68 = 0x800f0b68
                0x00000000800f0b58                D_800F0B58 = 0x800f0b58
                0x0000000080168fec                D_80168FEC = 0x80168fec
                0x000000008016924c                D_8016924C = 0x8016924c
                0x000000008016911c                D_8016911C = 0x8016911c
                0x00000000800f0bc4                D_800F0BC4 = 0x800f0bc4
                0x00000000800f0bc8                D_800F0BC8 = 0x800f0bc8
                0x00000000800f0bcc                D_800F0BCC = 0x800f0bcc
                0x00000000800f0bd0                D_800F0BD0 = 0x800f0bd0
                0x00000000800f0c74                D_800F0C74 = 0x800f0c74
                0x00000000800f0b50                D_800F0B50 = 0x800f0b50
                0x0000000080176834                D_80176834 = 0x80176834
                0x0000000080176838                D_80176838 = 0x80176838
                0x00000000800f0bd4                D_800F0BD4 = 0x800f0bd4
                0x00000000800f0bd8                D_800F0BD8 = 0x800f0bd8
                0x00000000800f0bdc                D_800F0BDC = 0x800f0bdc
                0x00000000800f0ba8                D_800F0BA8 = 0x800f0ba8
                0x000000008010c940                D_8010C940 = 0x8010c940
                0x0000000080176828                D_80176828 = 0x80176828
                0x00000000800f0c78                D_800F0C78 = 0x800f0c78
                0x000000008010c954                D_8010C954 = 0x8010c954
                0x000000008010c958                D_8010C958 = 0x8010c958
                0x0000000080176840                D_80176840 = 0x80176840
                0x0000000080176841                D_80176841 = 0x80176841
                0x000000008010c95c                D_8010C95C = 0x8010c95c
                0x000000008010c978                D_8010C978 = 0x8010c978
                0x000000008010c980                D_8010C980 = 0x8010c980
                0x000000008010c988                D_8010C988 = 0x8010c988
                0x000000008010c990                D_8010C990 = 0x8010c990
                0x000000008010c998                D_8010C998 = 0x8010c998
                0x000000008010c9a0                D_8010C9A0 = 0x8010c9a0
                0x0000000080176824                D_80176824 = 0x80176824
                0x000000008010c944                D_8010C944 = 0x8010c944
                0x000000008010c9a8                D_8010C9A8 = 0x8010c9a8
                0x00000000800f0c98                D_800F0C98 = 0x800f0c98
                0x00000000800f0cec                D_800F0CEC = 0x800f0cec
                0x00000000800f0ca4                D_800F0CA4 = 0x800f0ca4
                0x00000000800f0d14                D_800F0D14 = 0x800f0d14
                0x00000000800f0cd4                D_800F0CD4 = 0x800f0cd4
                0x000000008010c9b0                D_8010C9B0 = 0x8010c9b0
                0x000000008010c9b8                D_8010C9B8 = 0x8010c9b8
                0x0000000080176b78                D_80176B78 = 0x80176b78
                0x00000000800f0de0                D_800F0DE0 = 0x800f0de0
                0x00000000800f0b54                D_800F0B54 = 0x800f0b54
                0x000000008017682f                D_8017682F = 0x8017682f
                0x00000000800f0b60                D_800F0B60 = 0x800f0b60
                0x000000008017682c                D_8017682C = 0x8017682c
                0x00000000800f0b5c                D_800F0B5C = 0x800f0b5c
                0x00000000800fe404                D_800FE404 = 0x800fe404
                0x000000008010c9c0                D_8010C9C0 = 0x8010c9c0
                0x00000000800fe74c                D_800FE74C = 0x800fe74c
                0x00000000800fe564                D_800FE564 = 0x800fe564
                0x000000008020250c                D_8020250C = 0x8020250c
                0x00000000800f0b64                D_800F0B64 = 0x800f0b64
                0x00000000800f0c04                D_800F0C04 = 0x800f0c04
                0x00000000800f0c28                D_800F0C28 = 0x800f0c28
                0x00000000800f0c4c                D_800F0C4C = 0x800f0c4c
                0x00000000800f0c70                D_800F0C70 = 0x800f0c70
                0x00000000800f0c6c                D_800F0C6C = 0x800f0c6c
                0x00000000801003d8                D_801003D8 = 0x801003d8
                0x0000000080176830                D_80176830 = 0x80176830
                0x000000008010c9dc                D_8010C9DC = 0x8010c9dc
                0x0000000080176820                D_80176820 = 0x80176820
                0x0000000080176821                D_80176821 = 0x80176821
                0x00000000800f0c08                D_800F0C08 = 0x800f0c08
                0x0000000080176822                D_80176822 = 0x80176822
                0x00000000800f0c2c                D_800F0C2C = 0x800f0c2c
                0x0000000080176823                D_80176823 = 0x80176823
                0x00000000800f0c50                D_800F0C50 = 0x800f0c50
                0x000000008010ca08                D_8010CA08 = 0x8010ca08
                0x00000000800f0df4                D_800F0DF4 = 0x800f0df4
                0x000000008017683c                D_8017683C = 0x8017683c
                0x00000000800f0e1c                D_800F0E1C = 0x800f0e1c
                0x0000000080168ebc                D_80168EBC = 0x80168ebc
                0x000000008016926c                D_8016926C = 0x8016926c
                0x000000008010ca0c                D_8010CA0C = 0x8010ca0c
                0x00000000800ffeb8                D_800FFEB8 = 0x800ffeb8
                0x00000000800ffdf4                D_800FFDF4 = 0x800ffdf4
                0x00000000800fe708                D_800FE708 = 0x800fe708
                0x0000000080100fd0                D_80100FD0 = 0x80100fd0
                0x00000000800ffdf0                D_800FFDF0 = 0x800ffdf0
                0x00000000801fc9ac                D_801FC9AC = 0x801fc9ac
                0x0000000080168ec0                D_80168EC0 = 0x80168ec0
                0x0000000080168ff0                D_80168FF0 = 0x80168ff0
                0x0000000080169120                D_80169120 = 0x80169120
                0x0000000080169250                D_80169250 = 0x80169250
                0x00000000800f6884                D_800F6884 = 0x800f6884
                0x00000000800f68a8                D_800F68A8 = 0x800f68a8
                0x00000000800f6888                D_800F6888 = 0x800f6888
                0x00000000800f6898                D_800F6898 = 0x800f6898
                0x00000000800f688c                D_800F688C = 0x800f688c
                0x00000000800f689c                D_800F689C = 0x800f689c
                0x00000000800f6890                D_800F6890 = 0x800f6890
                0x00000000800f68a0                D_800F68A0 = 0x800f68a0
                0x00000000800f6894                D_800F6894 = 0x800f6894
                0x00000000800f68a4                D_800F68A4 = 0x800f68a4
                0x00000000800f68ac                D_800F68AC = 0x800f68ac
                0x00000000800f68b0                D_800F68B0 = 0x800f68b0
                0x00000000800f68c0                D_800F68C0 = 0x800f68c0
                0x00000000800f68c4                D_800F68C4 = 0x800f68c4
                0x00000000800f68c8                D_800F68C8 = 0x800f68c8
                0x00000000800f68cc                D_800F68CC = 0x800f68cc
                0x000000008010cccc                D_8010CCCC = 0x8010cccc
                0x000000008010cd10                D_8010CD10 = 0x8010cd10
                0x000000008010cd18                D_8010CD18 = 0x8010cd18
                0x000000008010cd20                D_8010CD20 = 0x8010cd20
                0x000000008010cd28                D_8010CD28 = 0x8010cd28
                0x00000000800f68d0                D_800F68D0 = 0x800f68d0
                0x0000000080176f4c                D_80176F4C = 0x80176f4c
                0x00000000801ffb78                D_801FFB78 = 0x801ffb78
                0x000000008010ca10                D_8010CA10 = 0x8010ca10
                0x00000000800fe014                D_800FE014 = 0x800fe014
                0x0000000080176860                D_80176860 = 0x80176860
                0x000000008010cd34                D_8010CD34 = 0x8010cd34
                0x000000008010ca1c                D_8010CA1C = 0x8010ca1c
                0x000000008010ca54                D_8010CA54 = 0x8010ca54
                0x00000000800fdf98                D_800FDF98 = 0x800fdf98
                0x00000000800fe000                D_800FE000 = 0x800fe000
                0x00000000800fdfd0                D_800FDFD0 = 0x800fdfd0
                0x00000000800fdfd4                D_800FDFD4 = 0x800fdfd4
                0x00000000800fdfd8                D_800FDFD8 = 0x800fdfd8
                0x00000000800fdfdc                D_800FDFDC = 0x800fdfdc
                0x00000000800fdff0                D_800FDFF0 = 0x800fdff0
                0x00000000800fdfe8                D_800FDFE8 = 0x800fdfe8
                0x00000000800fdfec                D_800FDFEC = 0x800fdfec
                0x00000000800fdfe0                D_800FDFE0 = 0x800fdfe0
                0x00000000800fdfe4                D_800FDFE4 = 0x800fdfe4
                0x00000000800fe004                D_800FE004 = 0x800fe004
                0x00000000800fe008                D_800FE008 = 0x800fe008
                0x00000000800fe00c                D_800FE00C = 0x800fe00c
                0x00000000800fe010                D_800FE010 = 0x800fe010
                0x00000000800fdfa4                D_800FDFA4 = 0x800fdfa4
                0x00000000800fdfa8                D_800FDFA8 = 0x800fdfa8
                0x0000000080176f98                D_80176F98 = 0x80176f98
                0x00000000800fdfb0                D_800FDFB0 = 0x800fdfb0
                0x0000000080182b18                D_80182B18 = 0x80182b18
                0x00000000800fdfc8                D_800FDFC8 = 0x800fdfc8
                0x00000000801a5d98                D_801A5D98 = 0x801a5d98
                0x00000000800fdff8                D_800FDFF8 = 0x800fdff8
                0x00000000800fdf9c                D_800FDF9C = 0x800fdf9c
                0x0000000080176850                D_80176850 = 0x80176850
                0x00000000800fdff4                D_800FDFF4 = 0x800fdff4
                0x00000000800fdfb8                D_800FDFB8 = 0x800fdfb8
                0x000000008018e698                D_8018E698 = 0x8018e698
                0x00000000800fdfc0                D_800FDFC0 = 0x800fdfc0
                0x000000008019a218                D_8019A218 = 0x8019a218
                0x00000000800fdfa0                D_800FDFA0 = 0x800fdfa0
                0x00000000800f69d0                D_800F69D0 = 0x800f69d0
                0x000000008010cd54                D_8010CD54 = 0x8010cd54
                0x000000008010cd78                D_8010CD78 = 0x8010cd78
                0x000000008010cd9c                D_8010CD9C = 0x8010cd9c
                0x00000000800fe080                D_800FE080 = 0x800fe080
                0x000000008010cdc0                D_8010CDC0 = 0x8010cdc0
                0x00000000800fe0f0                D_800FE0F0 = 0x800fe0f0
                0x000000008010cde4                D_8010CDE4 = 0x8010cde4
                0x00000000800fdffc                D_800FDFFC = 0x800fdffc
                0x0000000080176f48                D_80176F48 = 0x80176f48
                0x00000000800fe158                D_800FE158 = 0x800fe158
                0x0000000080176f00                D_80176F00 = 0x80176f00
                0x000000008010ce08                D_8010CE08 = 0x8010ce08
                0x00000000800f687c                D_800F687C = 0x800f687c
                0x00000000800fe160                D_800FE160 = 0x800fe160
                0x000000008010ce10                D_8010CE10 = 0x8010ce10
                0x000000008010ce18                D_8010CE18 = 0x8010ce18
                0x000000008010ce20                D_8010CE20 = 0x8010ce20
                0x000000008010ce28                D_8010CE28 = 0x8010ce28
                0x000000008010ce2c                D_8010CE2C = 0x8010ce2c
                0x00000000800fe164                D_800FE164 = 0x800fe164
                0x000000008010ce38                D_8010CE38 = 0x8010ce38
                0x000000008010ce40                D_8010CE40 = 0x8010ce40
                0x000000008010ce48                D_8010CE48 = 0x8010ce48
                0x000000008010ca80                D_8010CA80 = 0x8010ca80
                0x0000000080200b2e                D_80200B2E = 0x80200b2e
                0x000000008010ca84                D_8010CA84 = 0x8010ca84
                0x0000000080108790                D_80108790 = 0x80108790
                0x00000000800fe188                D_800FE188 = 0x800fe188
                0x000000008010ce50                D_8010CE50 = 0x8010ce50
                0x000000008010ce58                D_8010CE58 = 0x8010ce58
                0x000000008010ce60                D_8010CE60 = 0x8010ce60
                0x000000008010ce68                D_8010CE68 = 0x8010ce68
                0x000000008010ce70                D_8010CE70 = 0x8010ce70
                0x000000008010ce78                D_8010CE78 = 0x8010ce78
                0x000000008010ce80                D_8010CE80 = 0x8010ce80
                0x00000000801b316c                D_801B316C = 0x801b316c
                0x000000008010ce88                D_8010CE88 = 0x8010ce88
                0x000000008010ce90                D_8010CE90 = 0x8010ce90
                0x000000008010ce98                D_8010CE98 = 0x8010ce98
                0x000000008010cea0                D_8010CEA0 = 0x8010cea0
                0x00000000800fe19c                D_800FE19C = 0x800fe19c
                0x000000008010cea8                D_8010CEA8 = 0x8010cea8
                0x000000008010cebc                D_8010CEBC = 0x8010cebc
                0x000000008010ced0                D_8010CED0 = 0x8010ced0
                0x00000000800fe1a0                D_800FE1A0 = 0x800fe1a0
                0x00000000800fe1a4                D_800FE1A4 = 0x800fe1a4
                0x0000000080176990                D_80176990 = 0x80176990
                0x00000000800f8d90                D_800F8D90 = 0x800f8d90
                0x00000000800f8e00                D_800F8E00 = 0x800f8e00
                0x00000000800f8dac                D_800F8DAC = 0x800f8dac
                0x00000000800f8da6                D_800F8DA6 = 0x800f8da6
                0x00000000800f8d94                D_800F8D94 = 0x800f8d94
                0x00000000800fe1a8                D_800FE1A8 = 0x800fe1a8
                0x00000000800fe1ac                D_800FE1AC = 0x800fe1ac
                0x000000008010cef0                D_8010CEF0 = 0x8010cef0
                0x00000000800fe1b0                D_800FE1B0 = 0x800fe1b0
                0x0000000080176b7c                D_80176B7C = 0x80176b7c
                0x00000000800fe1c4                D_800FE1C4 = 0x800fe1c4
                0x00000000800fe2a0                D_800FE2A0 = 0x800fe2a0
                0x00000000800fe2a4                D_800FE2A4 = 0x800fe2a4
                0x00000000800fe2a8                D_800FE2A8 = 0x800fe2a8
                0x00000000800fe2ac                D_800FE2AC = 0x800fe2ac
                0x000000008010cef8                D_8010CEF8 = 0x8010cef8
                0x00000000800fedb4                D_800FEDB4 = 0x800fedb4
                0x00000000800ff8e8                D_800FF8E8 = 0x800ff8e8
                0x00000000800f4e3c                D_800F4E3C = 0x800f4e3c
                0x00000000800fe23c                D_800FE23C = 0x800fe23c
                0x000000008010cf10                D_8010CF10 = 0x8010cf10
                0x000000008010cf18                D_8010CF18 = 0x8010cf18
                0x000000008010cf20                D_8010CF20 = 0x8010cf20
                0x000000008010cf28                D_8010CF28 = 0x8010cf28
                0x00000000800fe1f8                D_800FE1F8 = 0x800fe1f8
                0x000000008010cf30                D_8010CF30 = 0x8010cf30
                0x00000000800fe2b0                D_800FE2B0 = 0x800fe2b0
                0x00000000800fe350                D_800FE350 = 0x800fe350
                0x00000000800fe3f0                D_800FE3F0 = 0x800fe3f0
                0x00000000800fe3f8                D_800FE3F8 = 0x800fe3f8
                0x0000000080176d00                D_80176D00 = 0x80176d00
                0x00000000800fe3f4                D_800FE3F4 = 0x800fe3f4
                0x000000008010cf38                D_8010CF38 = 0x8010cf38
                0x00000000800fe3fc                D_800FE3FC = 0x800fe3fc
                0x0000000080200b47                D_80200B47 = 0x80200b47
                0x0000000080200b45                D_80200B45 = 0x80200b45
                0x00000000800f67a0                D_800F67A0 = 0x800f67a0
                0x000000008010cf50                D_8010CF50 = 0x8010cf50
                0x000000008010cf58                D_8010CF58 = 0x8010cf58
                0x000000008010cf60                D_8010CF60 = 0x8010cf60
                0x000000008010cf68                D_8010CF68 = 0x8010cf68
                0x000000008010cf70                D_8010CF70 = 0x8010cf70
                0x000000008010cf98                D_8010CF98 = 0x8010cf98
                0x000000008010cfa0                D_8010CFA0 = 0x8010cfa0
                0x000000008010cfa8                D_8010CFA8 = 0x8010cfa8
                0x000000008010cfb0                D_8010CFB0 = 0x8010cfb0
                0x000000008010cfb8                D_8010CFB8 = 0x8010cfb8
                0x0000000080176d5c                D_80176D5C = 0x80176d5c
                0x0000000080176d60                D_80176D60 = 0x80176d60
                0x0000000080176d10                D_80176D10 = 0x80176d10
                0x0000000080176d30                D_80176D30 = 0x80176d30
                0x000000008010ca88                D_8010CA88 = 0x8010ca88
                0x000000008010caa4                D_8010CAA4 = 0x8010caa4
                0x000000008010cfc0                D_8010CFC0 = 0x8010cfc0
                0x000000008010cfc4                D_8010CFC4 = 0x8010cfc4
                0x0000000080176ee4                D_80176EE4 = 0x80176ee4
                0x0000000080176eec                D_80176EEC = 0x80176eec
                0x0000000080176eb4                D_80176EB4 = 0x80176eb4
                0x0000000080176eb8                D_80176EB8 = 0x80176eb8
                0x0000000080176edc                D_80176EDC = 0x80176edc
                0x0000000080176ee0                D_80176EE0 = 0x80176ee0
                0x0000000080176ee8                D_80176EE8 = 0x80176ee8
                0x0000000080176ef0                D_80176EF0 = 0x80176ef0
                0x0000000080176ef8                D_80176EF8 = 0x80176ef8
                0x000000008010cfc8                D_8010CFC8 = 0x8010cfc8
                0x0000000080200c00                D_80200C00 = 0x80200c00
                0x00000000800fe4e6                D_800FE4E6 = 0x800fe4e6
                0x00000000800fe4dc                D_800FE4DC = 0x800fe4dc
                0x00000000800fe6ec                D_800FE6EC = 0x800fe6ec
                0x00000000800fe6f0                D_800FE6F0 = 0x800fe6f0
                0x000000008010cfcc                D_8010CFCC = 0x8010cfcc
                0x000000008010cfd0                D_8010CFD0 = 0x8010cfd0
                0x000000008010cfd4                D_8010CFD4 = 0x8010cfd4
                0x000000008010cfd8                D_8010CFD8 = 0x8010cfd8
                0x000000008010cfdc                D_8010CFDC = 0x8010cfdc
                0x000000008010cfe0                D_8010CFE0 = 0x8010cfe0
                0x000000008010cfe8                D_8010CFE8 = 0x8010cfe8
                0x000000008010cfec                D_8010CFEC = 0x8010cfec
                0x000000008010cff0                D_8010CFF0 = 0x8010cff0
                0x000000008010cff8                D_8010CFF8 = 0x8010cff8
                0x000000008010d000                D_8010D000 = 0x8010d000
                0x000000008010d008                D_8010D008 = 0x8010d008
                0x00000000800fe4ec                D_800FE4EC = 0x800fe4ec
                0x00000000800fe704                D_800FE704 = 0x800fe704
                0x00000000800fe6f4                D_800FE6F4 = 0x800fe6f4
                0x000000008010d010                D_8010D010 = 0x8010d010
                0x000000008010d014                D_8010D014 = 0x8010d014
                0x000000008010d018                D_8010D018 = 0x8010d018
                0x000000008010d01c                D_8010D01C = 0x8010d01c
                0x00000000800fe4e4                D_800FE4E4 = 0x800fe4e4
                0x00000000800fe54c                D_800FE54C = 0x800fe54c
                0x000000008010d020                D_8010D020 = 0x8010d020
                0x000000008010d028                D_8010D028 = 0x8010d028
                0x000000008010d030                D_8010D030 = 0x8010d030
                0x000000008010d038                D_8010D038 = 0x8010d038
                0x000000008010d048                D_8010D048 = 0x8010d048
                0x000000008010d050                D_8010D050 = 0x8010d050
                0x000000008010d058                D_8010D058 = 0x8010d058
                0x000000008010d060                D_8010D060 = 0x8010d060
                0x000000008010d070                D_8010D070 = 0x8010d070
                0x000000008010d078                D_8010D078 = 0x8010d078
                0x000000008010d080                D_8010D080 = 0x8010d080
                0x00000000800ffebc                D_800FFEBC = 0x800ffebc
                0x000000008010d094                D_8010D094 = 0x8010d094
                0x000000008010d0a8                D_8010D0A8 = 0x8010d0a8
                0x000000008010d0b0                D_8010D0B0 = 0x8010d0b0
                0x000000008010d0b8                D_8010D0B8 = 0x8010d0b8
                0x000000008010d0c0                D_8010D0C0 = 0x8010d0c0
                0x000000008010d0c8                D_8010D0C8 = 0x8010d0c8
                0x000000008010d0d0                D_8010D0D0 = 0x8010d0d0
                0x000000008010d0d8                D_8010D0D8 = 0x8010d0d8
                0x000000008010d0e0                D_8010D0E0 = 0x8010d0e0
                0x000000008010d0e8                D_8010D0E8 = 0x8010d0e8
                0x000000008010d0f0                D_8010D0F0 = 0x8010d0f0
                0x0000000080168dfc                D_80168DFC = 0x80168dfc
                0x000000008010d0f8                D_8010D0F8 = 0x8010d0f8
                0x000000008010d108                D_8010D108 = 0x8010d108
                0x000000008010d110                D_8010D110 = 0x8010d110
                0x000000008010d118                D_8010D118 = 0x8010d118
                0x00000000800fe70c                D_800FE70C = 0x800fe70c
                0x000000008010cb70                D_8010CB70 = 0x8010cb70
                0x000000008010cb88                D_8010CB88 = 0x8010cb88
                0x000000008010cba4                D_8010CBA4 = 0x8010cba4
                0x000000008010cba8                D_8010CBA8 = 0x8010cba8
                0x0000000080200b40                D_80200B40 = 0x80200b40
                0x0000000080200b46                D_80200B46 = 0x80200b46
                0x0000000080200b66                D_80200B66 = 0x80200b66
                0x000000008010d120                D_8010D120 = 0x8010d120
                0x00000000800fe724                D_800FE724 = 0x800fe724
                0x000000008010d124                D_8010D124 = 0x8010d124
                0x000000008010d128                D_8010D128 = 0x8010d128
                0x000000008010d130                D_8010D130 = 0x8010d130
                0x00000000800f06b4                D_800F06B4 = 0x800f06b4
                0x00000000800f06c6                D_800F06C6 = 0x800f06c6
                0x0000000080200b85                D_80200B85 = 0x80200b85
                0x0000000080200b97                D_80200B97 = 0x80200b97
                0x000000008010d138                D_8010D138 = 0x8010d138
                0x000000008010d13c                D_8010D13C = 0x8010d13c
                0x0000000080200c04                D_80200C04 = 0x80200c04
                0x000000008010cbac                D_8010CBAC = 0x8010cbac
                0x00000000801b1eec                D_801B1EEC = 0x801b1eec
                0x000000008010d140                D_8010D140 = 0x8010d140
                0x000000008010d148                D_8010D148 = 0x8010d148
                0x000000008010cbc4                D_8010CBC4 = 0x8010cbc4
                0x000000008010d14c                D_8010D14C = 0x8010d14c
                0x000000008010d150                D_8010D150 = 0x8010d150
                0x000000008010d154                D_8010D154 = 0x8010d154
                0x000000008010d158                D_8010D158 = 0x8010d158
                0x000000008010d160                D_8010D160 = 0x8010d160
                0x000000008010d168                D_8010D168 = 0x8010d168
                0x000000008010d170                D_8010D170 = 0x8010d170
                0x000000008010d178                D_8010D178 = 0x8010d178
                0x000000008010d180                D_8010D180 = 0x8010d180
                0x000000008010d188                D_8010D188 = 0x8010d188
                0x000000008010d190                D_8010D190 = 0x8010d190
                0x000000008010d198                D_8010D198 = 0x8010d198
                0x000000008010d1a0                D_8010D1A0 = 0x8010d1a0
                0x00000000800fe47c                D_800FE47C = 0x800fe47c
                0x00000000800fe750                D_800FE750 = 0x800fe750
                0x000000008010cbe0                D_8010CBE0 = 0x8010cbe0
                0x000000008010cc00                D_8010CC00 = 0x8010cc00
                0x000000008010cc44                D_8010CC44 = 0x8010cc44
                0x000000008010cc54                D_8010CC54 = 0x8010cc54
                0x000000008010d1a4                D_8010D1A4 = 0x8010d1a4
                0x000000008010d1b8                D_8010D1B8 = 0x8010d1b8
                0x000000008010d1c0                D_8010D1C0 = 0x8010d1c0
                0x000000008010d1c8                D_8010D1C8 = 0x8010d1c8
                0x000000008010d1d0                D_8010D1D0 = 0x8010d1d0
                0x000000008010d1d8                D_8010D1D8 = 0x8010d1d8
                0x000000008010d1e0                D_8010D1E0 = 0x8010d1e0
                0x000000008010d1e8                D_8010D1E8 = 0x8010d1e8
                0x000000008010d1f8                D_8010D1F8 = 0x8010d1f8
                0x000000008010d200                D_8010D200 = 0x8010d200
                0x000000008010d210                D_8010D210 = 0x8010d210
                0x000000008010d218                D_8010D218 = 0x8010d218
                0x000000008010d220                D_8010D220 = 0x8010d220
                0x000000008010d228                D_8010D228 = 0x8010d228
                0x000000008010d230                D_8010D230 = 0x8010d230
                0x000000008010d238                D_8010D238 = 0x8010d238
                0x000000008010d240                D_8010D240 = 0x8010d240
                0x00000000800fe58c                D_800FE58C = 0x800fe58c
                0x00000000800fe748                D_800FE748 = 0x800fe748
                0x000000008010d248                D_8010D248 = 0x8010d248
                0x000000008010d24c                D_8010D24C = 0x8010d24c
                0x00000000800fe790                D_800FE790 = 0x800fe790
                0x000000008010d250                D_8010D250 = 0x8010d250
                0x000000008010d260                D_8010D260 = 0x8010d260
                0x000000008010d268                D_8010D268 = 0x8010d268
                0x000000008010d270                D_8010D270 = 0x8010d270
                0x000000008010d278                D_8010D278 = 0x8010d278
                0x000000008010d280                D_8010D280 = 0x8010d280
                0x000000008010d298                D_8010D298 = 0x8010d298
                0x00000000800fea2c                D_800FEA2C = 0x800fea2c
                0x00000000800fea28                D_800FEA28 = 0x800fea28
                0x00000000800fea18                D_800FEA18 = 0x800fea18
                0x00000000800fea1c                D_800FEA1C = 0x800fea1c
                0x000000008010d2a8                D_8010D2A8 = 0x8010d2a8
                0x00000000800fea20                D_800FEA20 = 0x800fea20
                0x000000008010d2cc                D_8010D2CC = 0x8010d2cc
                0x000000008010d2d0                D_8010D2D0 = 0x8010d2d0
                0x000000008010d2d8                D_8010D2D8 = 0x8010d2d8
                0x000000008010d2e0                D_8010D2E0 = 0x8010d2e0
                0x00000000800fea24                D_800FEA24 = 0x800fea24
                0x00000000800fea34                D_800FEA34 = 0x800fea34
                0x0000000080168e5c                D_80168E5C = 0x80168e5c
                0x00000000800fea38                D_800FEA38 = 0x800fea38
                0x000000008020d908                D_8020D908 = 0x8020d908
                0x0000000080176970                D_80176970 = 0x80176970
                0x0000000080176980                D_80176980 = 0x80176980
                0x0000000080176940                D_80176940 = 0x80176940
                0x0000000080176950                D_80176950 = 0x80176950
                0x0000000080176974                D_80176974 = 0x80176974
                0x0000000080176984                D_80176984 = 0x80176984
                0x0000000080176944                D_80176944 = 0x80176944
                0x0000000080176954                D_80176954 = 0x80176954
                0x0000000080176978                D_80176978 = 0x80176978
                0x0000000080176988                D_80176988 = 0x80176988
                0x0000000080176948                D_80176948 = 0x80176948
                0x0000000080176958                D_80176958 = 0x80176958
                0x000000008017697c                D_8017697C = 0x8017697c
                0x000000008017698c                D_8017698C = 0x8017698c
                0x000000008017694c                D_8017694C = 0x8017694c
                0x000000008017695c                D_8017695C = 0x8017695c
                0x00000000800fe018                D_800FE018 = 0x800fe018
                0x00000000800fe01c                D_800FE01C = 0x800fe01c
                0x00000000800fe020                D_800FE020 = 0x800fe020
                0x00000000800fe024                D_800FE024 = 0x800fe024
                0x00000000800fe028                D_800FE028 = 0x800fe028
                0x00000000800fe02c                D_800FE02C = 0x800fe02c
                0x00000000800fe048                D_800FE048 = 0x800fe048
                0x00000000800fe04c                D_800FE04C = 0x800fe04c
                0x00000000800fe050                D_800FE050 = 0x800fe050
                0x00000000800fe054                D_800FE054 = 0x800fe054
                0x00000000800fe058                D_800FE058 = 0x800fe058
                0x00000000800fe05c                D_800FE05C = 0x800fe05c
                0x00000000800fe030                D_800FE030 = 0x800fe030
                0x00000000800fe034                D_800FE034 = 0x800fe034
                0x00000000800fe038                D_800FE038 = 0x800fe038
                0x00000000800fe03c                D_800FE03C = 0x800fe03c
                0x00000000800fe040                D_800FE040 = 0x800fe040
                0x00000000800fe044                D_800FE044 = 0x800fe044
                0x000000008010d2e8                D_8010D2E8 = 0x8010d2e8
                0x00000000800fe060                D_800FE060 = 0x800fe060
                0x00000000800fea3c                D_800FEA3C = 0x800fea3c
                0x000000008010d2f0                D_8010D2F0 = 0x8010d2f0
                0x00000000800fea40                D_800FEA40 = 0x800fea40
                0x000000008010d2f8                D_8010D2F8 = 0x8010d2f8
                0x000000008010d300                D_8010D300 = 0x8010d300
                0x000000008010d308                D_8010D308 = 0x8010d308
                0x00000000801b3178                D_801B3178 = 0x801b3178
                0x00000000801768d4                D_801768D4 = 0x801768d4
                0x00000000801768d8                D_801768D8 = 0x801768d8
                0x00000000801768dc                D_801768DC = 0x801768dc
                0x00000000801768c8                D_801768C8 = 0x801768c8
                0x00000000801768cc                D_801768CC = 0x801768cc
                0x00000000801768d0                D_801768D0 = 0x801768d0
                0x0000000080176c00                D_80176C00 = 0x80176c00
                0x000000008010d310                D_8010D310 = 0x8010d310
                0x000000008010d314                D_8010D314 = 0x8010d314
                0x000000008010d318                D_8010D318 = 0x8010d318
                0x000000008010d320                D_8010D320 = 0x8010d320
                0x00000000800fea44                D_800FEA44 = 0x800fea44
                0x000000008010d328                D_8010D328 = 0x8010d328
                0x00000000800fea48                D_800FEA48 = 0x800fea48
                0x000000008010d330                D_8010D330 = 0x8010d330
                0x000000008010d338                D_8010D338 = 0x8010d338
                0x000000008010d340                D_8010D340 = 0x8010d340
                0x000000008010d348                D_8010D348 = 0x8010d348
                0x0000000080176cc0                D_80176CC0 = 0x80176cc0
                0x000000008010d34c                D_8010D34C = 0x8010d34c
                0x000000008010d350                D_8010D350 = 0x8010d350
                0x000000008010d358                D_8010D358 = 0x8010d358
                0x000000008010d360                D_8010D360 = 0x8010d360
                0x00000000800fea4c                D_800FEA4C = 0x800fea4c